{"ts":"2026-09-22T12:27:15.008Z","level":"audit","msg":"login.success","meta":{"userId":"usr_26436f15ecd5ed1171","target":null,"result":"ok"}}
{"ts":"2026-09-22T12:27:50.923Z","level":"audit","msg":"server.create","meta":{"userId":"usr_26436f15ecd5ed1171","target":"srv_9bd7f919bece951012","result":"ok"}}
{"ts":"2026-09-22T12:28:17.831Z","level":"audit","msg":"file.upload","meta":{"userId":"usr_26436f15ecd5ed1171","target":"srv_9bd7f919bece951012","result":"ok"}}
{"ts":"2026-09-22T12:28:38.135Z","level":"audit","msg":"file.delete","meta":{"userId":"usr_26436f15ecd5ed1171","target":"srv_9bd7f919bece951012:gurita_bot_gen_3.zip","result":"ok"}}
{"ts":"2026-09-22T12:50:48.233Z","level":"audit","msg":"file.upload","meta":{"userId":"usr_26436f15ecd5ed1171","target":"srv_9bd7f919bece951012","result":"ok"}}
{"ts":"2026-09-22T12:50:59.545Z","level":"audit","msg":"file.unzip","meta":{"userId":"usr_26436f15ecd5ed1171","target":"srv_9bd7f919bece951012:gurita_bot_gen_3.zip","result":"ok"}}
{"ts":"2026-09-22T13:14:58.919Z","level":"audit","msg":"server.start","meta":{"userId":"usr_26436f15ecd5ed1171","target":"srv_9bd7f919bece951012","result":"ok"}}
{"ts":"2026-09-22T14:02:13.486Z","level":"audit","msg":"server.install","meta":{"userId":"usr_26436f15ecd5ed1171","target":"srv_9bd7f919bece951012","result":"ok"}}
{"ts":"2026-09-23T10:40:09.983Z","level":"audit","msg":"admin.server.suspend","meta":{"userId":"usr_26436f15ecd5ed1171","target":"srv_9bd7f919bece951012","result":"ok"}}
{"ts":"2026-09-23T10:40:23.450Z","level":"audit","msg":"server.start","meta":{"userId":"usr_26436f15ecd5ed1171","target":"srv_9bd7f919bece951012","result":"ok"}}
{"ts":"2026-09-23T10:40:27.714Z","level":"audit","msg":"server.start","meta":{"userId":"usr_26436f15ecd5ed1171","target":"srv_9bd7f919bece951012","result":"error"}}
{"ts":"2026-09-23T10:40:28.547Z","level":"audit","msg":"server.start","meta":{"userId":"usr_26436f15ecd5ed1171","target":"srv_9bd7f919bece951012","result":"error"}}
{"ts":"2026-09-23T10:40:28.743Z","level":"audit","msg":"server.start","meta":{"userId":"usr_26436f15ecd5ed1171","target":"srv_9bd7f919bece951012","result":"error"}}
{"ts":"2026-09-23T10:40:37.743Z","level":"audit","msg":"admin.server.unsuspend","meta":{"userId":"usr_26436f15ecd5ed1171","target":"srv_9bd7f919bece951012","result":"ok"}}
{"ts":"2026-09-23T10:40:38.251Z","level":"audit","msg":"server.restart","meta":{"userId":"usr_26436f15ecd5ed1171","target":"srv_9bd7f919bece951012","result":"ok"}}
{"ts":"2026-09-23T10:40:54.037Z","level":"audit","msg":"server.kill","meta":{"userId":"usr_26436f15ecd5ed1171","target":"srv_9bd7f919bece951012","result":"ok"}}
{"ts":"2026-09-23T12:21:48.198Z","level":"audit","msg":"shell.open","meta":{"userId":"usr_26436f15ecd5ed1171","target":"srv_9bd7f919bece951012","result":"ok"}}
{"ts":"2026-09-23T12:23:50.586Z","level":"audit","msg":"shell.close","meta":{"userId":"usr_26436f15ecd5ed1171","target":"srv_9bd7f919bece951012","result":"ok"}}
{"ts":"2026-09-23T12:47:00.776Z","level":"audit","msg":"login.success","meta":{"userId":"usr_26436f15ecd5ed1171","target":null,"result":"ok"}}
{"ts":"2026-09-23T12:47:10.273Z","level":"audit","msg":"theme.activate","meta":{"userId":"usr_26436f15ecd5ed1171","target":"neon","result":"ok"}}
{"ts":"2026-09-23T12:47:29.080Z","level":"audit","msg":"theme.activate","meta":{"userId":"usr_26436f15ecd5ed1171","target":"default","result":"ok"}}
{"ts":"2026-09-23T12:58:23.406Z","level":"audit","msg":"theme.activate","meta":{"userId":"usr_26436f15ecd5ed1171","target":"neon","result":"ok"}}
{"ts":"2026-09-23T12:58:30.382Z","level":"audit","msg":"theme.activate","meta":{"userId":"usr_26436f15ecd5ed1171","target":"default","result":"ok"}}
{"ts":"2026-09-23T15:34:21.851Z","level":"audit","msg":"logout","meta":{"userId":"usr_26436f15ecd5ed1171","target":null,"result":"ok"}}
{"ts":"2026-09-23T15:34:33.731Z","level":"audit","msg":"login.success","meta":{"userId":"usr_26436f15ecd5ed1171","target":null,"result":"ok"}}
{"ts":"2026-09-23T15:45:57.822Z","level":"audit","msg":"admin.server.delete","meta":{"userId":"usr_26436f15ecd5ed1171","target":"srv_9bd7f919bece951012","result":"ok"}}
